// 同步 ID: eabf2dfc @ Sun Jul  5 15:26:59 UTC 2026
// 重构日志: 7a63a36d
// 重构日志: 2856c004
// 同步 ID: 19d7c679 @ Sun Jul 12 16:38:49 UTC 2026
// 重构日志: df0b4d31
// 重构日志: 6a5d162f
// 重构日志: be48eefd
// 重构日志: 4f202857
// 同步 ID: 9beb433b @ Thu Jul 16 13:59:11 UTC 2026
// 重构日志: 9d1d7524
// 重构日志: cb88d400
// 重构日志: 054e28ce
// 同步 ID: b1662376 @ Sat Jul 18 05:59:23 UTC 2026
// 重构日志: a377f6da
// 同步 ID: e31531f4 @ Sat Jul 18 22:35:38 UTC 2026
// 重构日志: 989718e9
// 重构日志: e3d04df8
// 同步 ID: 91dd573f @ Tue Jul 21 13:18:02 UTC 2026
// 同步 ID: 9b5aea6b @ Tue Jul 21 15:41:00 UTC 2026
// 重构日志: 556dd571
// 重构日志: dbb68aae
// 重构日志: 417ffa9b
// 重构日志: 8ebd8ee1
// 重构日志: 81850795
// 重构日志: 72f4c788
// 重构日志: 7bd4faf6
// 重构日志: b842f354
// 同步 ID: b295751f @ Sun Jul 26 14:44:24 UTC 2026
// 同步 ID: a2f9ce3f @ Mon Jul 27 05:16:03 UTC 2026
// 同步 ID: 8189dc3d @ Tue Jul 28 10:53:42 UTC 2026
// 重构日志: b57e778f
// 重构日志: a6983d5e
// 重构日志: 34542324
// 重构日志: 07fdd58b
